------------------------------------------------------------
TimeQuest Timing Analyzer Summary
------------------------------------------------------------

Type  : Slow 1200mV 85C Model Setup 'FrequencyDivider:divider|clkReg'
Slack : -140.432
TNS   : -11545.095

Type  : Slow 1200mV 85C Model Setup 'InterfaceSerial:UART|BaudRate_Generator:baudRate|baudtick_reg'
Slack : -37.087
TNS   : -268.075

Type  : Slow 1200mV 85C Model Setup 'InterfaceSerial:UART|Transmitter:transmitter|busy_reg'
Slack : -35.995
TNS   : -223.616

Type  : Slow 1200mV 85C Model Setup 'reset'
Slack : -34.118
TNS   : -1309.194

Type  : Slow 1200mV 85C Model Setup 'IFID:IFID|Inst_reg[26]'
Slack : -7.180
TNS   : -54.756

Type  : Slow 1200mV 85C Model Setup 'clk'
Slack : -4.558
TNS   : -810.905

Type  : Slow 1200mV 85C Model Hold 'reset'
Slack : -1.905
TNS   : -3.648

Type  : Slow 1200mV 85C Model Hold 'FrequencyDivider:divider|clkReg'
Slack : -1.356
TNS   : -14.228

Type  : Slow 1200mV 85C Model Hold 'IFID:IFID|Inst_reg[26]'
Slack : -0.788
TNS   : -4.646

Type  : Slow 1200mV 85C Model Hold 'InterfaceSerial:UART|BaudRate_Generator:baudRate|baudtick_reg'
Slack : 0.393
TNS   : 0.000

Type  : Slow 1200mV 85C Model Hold 'clk'
Slack : 0.795
TNS   : 0.000

Type  : Slow 1200mV 85C Model Hold 'InterfaceSerial:UART|Transmitter:transmitter|busy_reg'
Slack : 2.675
TNS   : 0.000

Type  : Slow 1200mV 85C Model Recovery 'InterfaceSerial:UART|Transmitter:transmitter|busy_reg'
Slack : -2.862
TNS   : -24.494

Type  : Slow 1200mV 85C Model Recovery 'FrequencyDivider:divider|clkReg'
Slack : -2.153
TNS   : -297.198

Type  : Slow 1200mV 85C Model Recovery 'reset'
Slack : -1.513
TNS   : -11.828

Type  : Slow 1200mV 85C Model Recovery 'IFID:IFID|Inst_reg[26]'
Slack : -1.508
TNS   : -12.543

Type  : Slow 1200mV 85C Model Removal 'FrequencyDivider:divider|clkReg'
Slack : -5.395
TNS   : -472.811

Type  : Slow 1200mV 85C Model Removal 'IFID:IFID|Inst_reg[26]'
Slack : -0.778
TNS   : -5.699

Type  : Slow 1200mV 85C Model Removal 'reset'
Slack : 0.366
TNS   : 0.000

Type  : Slow 1200mV 85C Model Removal 'InterfaceSerial:UART|Transmitter:transmitter|busy_reg'
Slack : 2.200
TNS   : 0.000

Type  : Slow 1200mV 85C Model Minimum Pulse Width 'clk'
Slack : -3.000
TNS   : -522.626

Type  : Slow 1200mV 85C Model Minimum Pulse Width 'reset'
Slack : -3.000
TNS   : -3.000

Type  : Slow 1200mV 85C Model Minimum Pulse Width 'FrequencyDivider:divider|clkReg'
Slack : -2.693
TNS   : -518.551

Type  : Slow 1200mV 85C Model Minimum Pulse Width 'InterfaceSerial:UART|BaudRate_Generator:baudRate|baudtick_reg'
Slack : -1.285
TNS   : -77.100

Type  : Slow 1200mV 85C Model Minimum Pulse Width 'InterfaceSerial:UART|Transmitter:transmitter|busy_reg'
Slack : -1.285
TNS   : -11.565

Type  : Slow 1200mV 85C Model Minimum Pulse Width 'IFID:IFID|Inst_reg[26]'
Slack : -0.601
TNS   : -20.725

Type  : Slow 1200mV 0C Model Setup 'FrequencyDivider:divider|clkReg'
Slack : -126.871
TNS   : -10570.897

Type  : Slow 1200mV 0C Model Setup 'InterfaceSerial:UART|BaudRate_Generator:baudRate|baudtick_reg'
Slack : -33.930
TNS   : -242.964

Type  : Slow 1200mV 0C Model Setup 'InterfaceSerial:UART|Transmitter:transmitter|busy_reg'
Slack : -32.917
TNS   : -204.763

Type  : Slow 1200mV 0C Model Setup 'reset'
Slack : -31.355
TNS   : -1190.330

Type  : Slow 1200mV 0C Model Setup 'IFID:IFID|Inst_reg[26]'
Slack : -6.618
TNS   : -50.109

Type  : Slow 1200mV 0C Model Setup 'clk'
Slack : -4.140
TNS   : -731.831

Type  : Slow 1200mV 0C Model Hold 'reset'
Slack : -1.615
TNS   : -3.082

Type  : Slow 1200mV 0C Model Hold 'FrequencyDivider:divider|clkReg'
Slack : -1.220
TNS   : -12.348

Type  : Slow 1200mV 0C Model Hold 'IFID:IFID|Inst_reg[26]'
Slack : -0.712
TNS   : -4.112

Type  : Slow 1200mV 0C Model Hold 'InterfaceSerial:UART|BaudRate_Generator:baudRate|baudtick_reg'
Slack : 0.344
TNS   : 0.000

Type  : Slow 1200mV 0C Model Hold 'clk'
Slack : 0.727
TNS   : 0.000

Type  : Slow 1200mV 0C Model Hold 'InterfaceSerial:UART|Transmitter:transmitter|busy_reg'
Slack : 2.434
TNS   : 0.000

Type  : Slow 1200mV 0C Model Recovery 'InterfaceSerial:UART|Transmitter:transmitter|busy_reg'
Slack : -2.602
TNS   : -22.346

Type  : Slow 1200mV 0C Model Recovery 'FrequencyDivider:divider|clkReg'
Slack : -2.101
TNS   : -405.881

Type  : Slow 1200mV 0C Model Recovery 'reset'
Slack : -1.543
TNS   : -12.374

Type  : Slow 1200mV 0C Model Recovery 'IFID:IFID|Inst_reg[26]'
Slack : -1.341
TNS   : -11.057

Type  : Slow 1200mV 0C Model Removal 'FrequencyDivider:divider|clkReg'
Slack : -4.782
TNS   : -363.137

Type  : Slow 1200mV 0C Model Removal 'IFID:IFID|Inst_reg[26]'
Slack : -0.628
TNS   : -4.378

Type  : Slow 1200mV 0C Model Removal 'reset'
Slack : 0.339
TNS   : 0.000

Type  : Slow 1200mV 0C Model Removal 'InterfaceSerial:UART|Transmitter:transmitter|busy_reg'
Slack : 2.029
TNS   : 0.000

Type  : Slow 1200mV 0C Model Minimum Pulse Width 'clk'
Slack : -3.000
TNS   : -514.178

Type  : Slow 1200mV 0C Model Minimum Pulse Width 'reset'
Slack : -3.000
TNS   : -3.000

Type  : Slow 1200mV 0C Model Minimum Pulse Width 'FrequencyDivider:divider|clkReg'
Slack : -2.649
TNS   : -516.923

Type  : Slow 1200mV 0C Model Minimum Pulse Width 'InterfaceSerial:UART|BaudRate_Generator:baudRate|baudtick_reg'
Slack : -1.285
TNS   : -77.100

Type  : Slow 1200mV 0C Model Minimum Pulse Width 'InterfaceSerial:UART|Transmitter:transmitter|busy_reg'
Slack : -1.285
TNS   : -11.565

Type  : Slow 1200mV 0C Model Minimum Pulse Width 'IFID:IFID|Inst_reg[26]'
Slack : -0.513
TNS   : -16.850

Type  : Fast 1200mV 0C Model Setup 'FrequencyDivider:divider|clkReg'
Slack : -69.653
TNS   : -5472.769

Type  : Fast 1200mV 0C Model Setup 'InterfaceSerial:UART|BaudRate_Generator:baudRate|baudtick_reg'
Slack : -19.279
TNS   : -154.952

Type  : Fast 1200mV 0C Model Setup 'InterfaceSerial:UART|Transmitter:transmitter|busy_reg'
Slack : -18.548
TNS   : -115.769

Type  : Fast 1200mV 0C Model Setup 'reset'
Slack : -17.307
TNS   : -624.166

Type  : Fast 1200mV 0C Model Setup 'IFID:IFID|Inst_reg[26]'
Slack : -3.205
TNS   : -23.016

Type  : Fast 1200mV 0C Model Setup 'clk'
Slack : -1.828
TNS   : -299.500

Type  : Fast 1200mV 0C Model Hold 'reset'
Slack : -1.324
TNS   : -2.579

Type  : Fast 1200mV 0C Model Hold 'FrequencyDivider:divider|clkReg'
Slack : -0.962
TNS   : -16.112

Type  : Fast 1200mV 0C Model Hold 'IFID:IFID|Inst_reg[26]'
Slack : -0.372
TNS   : -2.392

Type  : Fast 1200mV 0C Model Hold 'InterfaceSerial:UART|BaudRate_Generator:baudRate|baudtick_reg'
Slack : 0.123
TNS   : 0.000

Type  : Fast 1200mV 0C Model Hold 'clk'
Slack : 0.442
TNS   : 0.000

Type  : Fast 1200mV 0C Model Hold 'InterfaceSerial:UART|Transmitter:transmitter|busy_reg'
Slack : 1.214
TNS   : 0.000

Type  : Fast 1200mV 0C Model Recovery 'FrequencyDivider:divider|clkReg'
Slack : -1.133
TNS   : -75.053

Type  : Fast 1200mV 0C Model Recovery 'InterfaceSerial:UART|Transmitter:transmitter|busy_reg'
Slack : -1.118
TNS   : -9.374

Type  : Fast 1200mV 0C Model Recovery 'IFID:IFID|Inst_reg[26]'
Slack : -1.045
TNS   : -9.049

Type  : Fast 1200mV 0C Model Recovery 'reset'
Slack : -0.264
TNS   : -1.066

Type  : Fast 1200mV 0C Model Removal 'FrequencyDivider:divider|clkReg'
Slack : -2.941
TNS   : -171.981

Type  : Fast 1200mV 0C Model Removal 'IFID:IFID|Inst_reg[26]'
Slack : -0.452
TNS   : -3.434

Type  : Fast 1200mV 0C Model Removal 'reset'
Slack : -0.216
TNS   : -1.015

Type  : Fast 1200mV 0C Model Removal 'InterfaceSerial:UART|Transmitter:transmitter|busy_reg'
Slack : 1.382
TNS   : 0.000

Type  : Fast 1200mV 0C Model Minimum Pulse Width 'clk'
Slack : -3.000
TNS   : -254.306

Type  : Fast 1200mV 0C Model Minimum Pulse Width 'reset'
Slack : -3.000
TNS   : -50.574

Type  : Fast 1200mV 0C Model Minimum Pulse Width 'FrequencyDivider:divider|clkReg'
Slack : -1.000
TNS   : -363.000

Type  : Fast 1200mV 0C Model Minimum Pulse Width 'InterfaceSerial:UART|BaudRate_Generator:baudRate|baudtick_reg'
Slack : -1.000
TNS   : -60.000

Type  : Fast 1200mV 0C Model Minimum Pulse Width 'InterfaceSerial:UART|Transmitter:transmitter|busy_reg'
Slack : -1.000
TNS   : -9.000

Type  : Fast 1200mV 0C Model Minimum Pulse Width 'IFID:IFID|Inst_reg[26]'
Slack : -0.042
TNS   : -0.076

------------------------------------------------------------
