------------------------------------------------------------
TimeQuest Timing Analyzer Summary
------------------------------------------------------------

Type  : Slow 1200mV 85C Model Setup 'frequencyDivider:divider|clkReg'
Slack : -2.444
TNS   : -110.001

Type  : Slow 1200mV 85C Model Setup 'clock_50MHz'
Slack : 0.135
TNS   : 0.000

Type  : Slow 1200mV 85C Model Hold 'frequencyDivider:divider|clkReg'
Slack : 0.392
TNS   : 0.000

Type  : Slow 1200mV 85C Model Hold 'clock_50MHz'
Slack : 0.416
TNS   : 0.000

Type  : Slow 1200mV 85C Model Minimum Pulse Width 'clock_50MHz'
Slack : -3.000
TNS   : -5.570

Type  : Slow 1200mV 85C Model Minimum Pulse Width 'frequencyDivider:divider|clkReg'
Slack : -1.285
TNS   : -88.665

Type  : Slow 1200mV 0C Model Setup 'frequencyDivider:divider|clkReg'
Slack : -2.148
TNS   : -93.386

Type  : Slow 1200mV 0C Model Setup 'clock_50MHz'
Slack : 0.222
TNS   : 0.000

Type  : Slow 1200mV 0C Model Hold 'frequencyDivider:divider|clkReg'
Slack : 0.343
TNS   : 0.000

Type  : Slow 1200mV 0C Model Hold 'clock_50MHz'
Slack : 0.372
TNS   : 0.000

Type  : Slow 1200mV 0C Model Minimum Pulse Width 'clock_50MHz'
Slack : -3.000
TNS   : -5.570

Type  : Slow 1200mV 0C Model Minimum Pulse Width 'frequencyDivider:divider|clkReg'
Slack : -1.285
TNS   : -88.665

Type  : Fast 1200mV 0C Model Setup 'frequencyDivider:divider|clkReg'
Slack : -0.696
TNS   : -21.082

Type  : Fast 1200mV 0C Model Setup 'clock_50MHz'
Slack : 0.575
TNS   : 0.000

Type  : Fast 1200mV 0C Model Hold 'frequencyDivider:divider|clkReg'
Slack : 0.176
TNS   : 0.000

Type  : Fast 1200mV 0C Model Hold 'clock_50MHz'
Slack : 0.192
TNS   : 0.000

Type  : Fast 1200mV 0C Model Minimum Pulse Width 'clock_50MHz'
Slack : -3.000
TNS   : -5.674

Type  : Fast 1200mV 0C Model Minimum Pulse Width 'frequencyDivider:divider|clkReg'
Slack : -1.000
TNS   : -69.000

------------------------------------------------------------
