------------------------------------------------------------
TimeQuest Timing Analyzer Summary
------------------------------------------------------------

Type  : Slow 1200mV 85C Model Setup 'frequencyDivider:divider|clkReg'
Slack : -20.366
TNS   : -9034.420

Type  : Slow 1200mV 85C Model Setup 'clock_50MHz'
Slack : -17.398
TNS   : -1826.421

Type  : Slow 1200mV 85C Model Setup 'ID_EX:idex|control[1]'
Slack : -17.364
TNS   : -547.620

Type  : Slow 1200mV 85C Model Hold 'ID_EX:idex|control[1]'
Slack : -1.051
TNS   : -24.745

Type  : Slow 1200mV 85C Model Hold 'frequencyDivider:divider|clkReg'
Slack : 0.259
TNS   : 0.000

Type  : Slow 1200mV 85C Model Hold 'clock_50MHz'
Slack : 0.397
TNS   : 0.000

Type  : Slow 1200mV 85C Model Recovery 'frequencyDivider:divider|clkReg'
Slack : -5.478
TNS   : -359.231

Type  : Slow 1200mV 85C Model Removal 'frequencyDivider:divider|clkReg'
Slack : 0.116
TNS   : 0.000

Type  : Slow 1200mV 85C Model Minimum Pulse Width 'clock_50MHz'
Slack : -3.000
TNS   : -537.253

Type  : Slow 1200mV 85C Model Minimum Pulse Width 'frequencyDivider:divider|clkReg'
Slack : -1.285
TNS   : -1968.620

Type  : Slow 1200mV 85C Model Minimum Pulse Width 'ID_EX:idex|control[1]'
Slack : 0.458
TNS   : 0.000

Type  : Slow 1200mV 0C Model Setup 'frequencyDivider:divider|clkReg'
Slack : -18.527
TNS   : -8221.286

Type  : Slow 1200mV 0C Model Setup 'clock_50MHz'
Slack : -15.923
TNS   : -1656.833

Type  : Slow 1200mV 0C Model Setup 'ID_EX:idex|control[1]'
Slack : -15.863
TNS   : -500.498

Type  : Slow 1200mV 0C Model Hold 'ID_EX:idex|control[1]'
Slack : -0.911
TNS   : -20.861

Type  : Slow 1200mV 0C Model Hold 'frequencyDivider:divider|clkReg'
Slack : 0.317
TNS   : 0.000

Type  : Slow 1200mV 0C Model Hold 'clock_50MHz'
Slack : 0.355
TNS   : 0.000

Type  : Slow 1200mV 0C Model Recovery 'frequencyDivider:divider|clkReg'
Slack : -4.898
TNS   : -321.560

Type  : Slow 1200mV 0C Model Removal 'frequencyDivider:divider|clkReg'
Slack : 0.089
TNS   : 0.000

Type  : Slow 1200mV 0C Model Minimum Pulse Width 'clock_50MHz'
Slack : -3.000
TNS   : -528.629

Type  : Slow 1200mV 0C Model Minimum Pulse Width 'frequencyDivider:divider|clkReg'
Slack : -1.285
TNS   : -1968.620

Type  : Slow 1200mV 0C Model Minimum Pulse Width 'ID_EX:idex|control[1]'
Slack : 0.380
TNS   : 0.000

Type  : Fast 1200mV 0C Model Setup 'frequencyDivider:divider|clkReg'
Slack : -9.722
TNS   : -3969.540

Type  : Fast 1200mV 0C Model Setup 'ID_EX:idex|control[1]'
Slack : -8.333
TNS   : -245.937

Type  : Fast 1200mV 0C Model Setup 'clock_50MHz'
Slack : -8.287
TNS   : -857.084

Type  : Fast 1200mV 0C Model Hold 'ID_EX:idex|control[1]'
Slack : -0.610
TNS   : -15.277

Type  : Fast 1200mV 0C Model Hold 'frequencyDivider:divider|clkReg'
Slack : -0.010
TNS   : -0.010

Type  : Fast 1200mV 0C Model Hold 'clock_50MHz'
Slack : 0.155
TNS   : 0.000

Type  : Fast 1200mV 0C Model Recovery 'frequencyDivider:divider|clkReg'
Slack : -2.362
TNS   : -139.196

Type  : Fast 1200mV 0C Model Removal 'frequencyDivider:divider|clkReg'
Slack : 0.038
TNS   : 0.000

Type  : Fast 1200mV 0C Model Minimum Pulse Width 'clock_50MHz'
Slack : -3.000
TNS   : -265.193

Type  : Fast 1200mV 0C Model Minimum Pulse Width 'frequencyDivider:divider|clkReg'
Slack : -1.000
TNS   : -1532.000

Type  : Fast 1200mV 0C Model Minimum Pulse Width 'ID_EX:idex|control[1]'
Slack : 0.334
TNS   : 0.000

------------------------------------------------------------
