------------------------------------------------------------
TimeQuest Timing Analyzer Summary
------------------------------------------------------------

Type  : Slow 1200mV 85C Model Setup 'frequencyDivider:divider|clkReg'
Slack : -19.947
TNS   : -8630.709

Type  : Slow 1200mV 85C Model Setup 'clock_50MHz'
Slack : -16.881
TNS   : -1354.285

Type  : Slow 1200mV 85C Model Setup 'ID_EX:idex|control[1]'
Slack : -16.749
TNS   : -501.344

Type  : Slow 1200mV 85C Model Hold 'ID_EX:idex|control[1]'
Slack : -1.261
TNS   : -37.604

Type  : Slow 1200mV 85C Model Hold 'frequencyDivider:divider|clkReg'
Slack : -0.768
TNS   : -1.408

Type  : Slow 1200mV 85C Model Hold 'clock_50MHz'
Slack : -0.016
TNS   : -0.016

Type  : Slow 1200mV 85C Model Recovery 'frequencyDivider:divider|clkReg'
Slack : -5.619
TNS   : -371.767

Type  : Slow 1200mV 85C Model Removal 'frequencyDivider:divider|clkReg'
Slack : 0.462
TNS   : 0.000

Type  : Slow 1200mV 85C Model Minimum Pulse Width 'clock_50MHz'
Slack : -3.000
TNS   : -537.253

Type  : Slow 1200mV 85C Model Minimum Pulse Width 'frequencyDivider:divider|clkReg'
Slack : -1.285
TNS   : -1941.635

Type  : Slow 1200mV 85C Model Minimum Pulse Width 'ID_EX:idex|control[1]'
Slack : 0.367
TNS   : 0.000

Type  : Slow 1200mV 0C Model Setup 'frequencyDivider:divider|clkReg'
Slack : -18.170
TNS   : -7891.099

Type  : Slow 1200mV 0C Model Setup 'clock_50MHz'
Slack : -15.513
TNS   : -1211.792

Type  : Slow 1200mV 0C Model Setup 'ID_EX:idex|control[1]'
Slack : -15.337
TNS   : -459.525

Type  : Slow 1200mV 0C Model Hold 'ID_EX:idex|control[1]'
Slack : -1.129
TNS   : -29.768

Type  : Slow 1200mV 0C Model Hold 'frequencyDivider:divider|clkReg'
Slack : -0.641
TNS   : -1.165

Type  : Slow 1200mV 0C Model Hold 'clock_50MHz'
Slack : 0.058
TNS   : 0.000

Type  : Slow 1200mV 0C Model Recovery 'frequencyDivider:divider|clkReg'
Slack : -5.026
TNS   : -331.975

Type  : Slow 1200mV 0C Model Removal 'frequencyDivider:divider|clkReg'
Slack : 0.412
TNS   : 0.000

Type  : Slow 1200mV 0C Model Minimum Pulse Width 'clock_50MHz'
Slack : -3.000
TNS   : -528.629

Type  : Slow 1200mV 0C Model Minimum Pulse Width 'frequencyDivider:divider|clkReg'
Slack : -1.285
TNS   : -1941.635

Type  : Slow 1200mV 0C Model Minimum Pulse Width 'ID_EX:idex|control[1]'
Slack : 0.407
TNS   : 0.000

Type  : Fast 1200mV 0C Model Setup 'frequencyDivider:divider|clkReg'
Slack : -9.350
TNS   : -3758.678

Type  : Fast 1200mV 0C Model Setup 'clock_50MHz'
Slack : -7.915
TNS   : -605.874

Type  : Fast 1200mV 0C Model Setup 'ID_EX:idex|control[1]'
Slack : -7.817
TNS   : -226.866

Type  : Fast 1200mV 0C Model Hold 'ID_EX:idex|control[1]'
Slack : -0.747
TNS   : -20.199

Type  : Fast 1200mV 0C Model Hold 'frequencyDivider:divider|clkReg'
Slack : -0.519
TNS   : -1.270

Type  : Fast 1200mV 0C Model Hold 'clock_50MHz'
Slack : -0.108
TNS   : -0.337

Type  : Fast 1200mV 0C Model Recovery 'frequencyDivider:divider|clkReg'
Slack : -2.444
TNS   : -145.091

Type  : Fast 1200mV 0C Model Removal 'frequencyDivider:divider|clkReg'
Slack : 0.222
TNS   : 0.000

Type  : Fast 1200mV 0C Model Minimum Pulse Width 'clock_50MHz'
Slack : -3.000
TNS   : -265.233

Type  : Fast 1200mV 0C Model Minimum Pulse Width 'frequencyDivider:divider|clkReg'
Slack : -1.000
TNS   : -1511.000

Type  : Fast 1200mV 0C Model Minimum Pulse Width 'ID_EX:idex|control[1]'
Slack : 0.285
TNS   : 0.000

------------------------------------------------------------
