Flow report for FPGA_TOP_MIV
Mon May  8 12:24:54 2017
Quartus II 32-bit Version 13.0.1 Build 232 06/12/2013 Service Pack 1 SJ Web Edition


---------------------
; Table of Contents ;
---------------------
  1. Legal Notice
  2. Flow Summary
  3. Flow Settings
  4. Flow Non-Default Global Settings
  5. Flow Elapsed Time
  6. Flow OS Summary
  7. Flow Log
  8. Flow Messages
  9. Flow Suppressed Messages



----------------
; Legal Notice ;
----------------
Copyright (C) 1991-2013 Altera Corporation
Your use of Altera Corporation's design tools, logic functions 
and other software and tools, and its AMPP partner logic 
functions, and any output files from any of the foregoing 
(including device programming or simulation files), and any 
associated documentation or information are expressly subject 
to the terms and conditions of the Altera Program License 
Subscription Agreement, Altera MegaCore Function License 
Agreement, or other applicable license agreement, including, 
without limitation, that your use is for the sole purpose of 
programming logic devices manufactured by Altera and sold by 
Altera or its authorized distributors.  Please refer to the 
applicable agreement for further details.



+--------------------------------------------------------------------------------------+
; Flow Summary                                                                         ;
+------------------------------------+-------------------------------------------------+
; Flow Status                        ; Successful - Mon May  8 12:24:48 2017           ;
; Quartus II 32-bit Version          ; 13.0.1 Build 232 06/12/2013 SP 1 SJ Web Edition ;
; Revision Name                      ; FPGA_TOP_MIV                                    ;
; Top-level Entity Name              ; FPGA_TOP_MIV                                    ;
; Family                             ; Cyclone IV E                                    ;
; Total logic elements               ; 11 / 28,848 ( < 1 % )                           ;
;     Total combinational functions  ; 11 / 28,848 ( < 1 % )                           ;
;     Dedicated logic registers      ; 6 / 28,848 ( < 1 % )                            ;
; Total registers                    ; 6                                               ;
; Total pins                         ; 32 / 329 ( 10 % )                               ;
; Total virtual pins                 ; 0                                               ;
; Total memory bits                  ; 0 / 608,256 ( 0 % )                             ;
; Embedded Multiplier 9-bit elements ; 0 / 132 ( 0 % )                                 ;
; Total PLLs                         ; 0 / 4 ( 0 % )                                   ;
; Device                             ; EP4CE30F23C7                                    ;
; Timing Models                      ; Final                                           ;
+------------------------------------+-------------------------------------------------+


+-----------------------------------------+
; Flow Settings                           ;
+-------------------+---------------------+
; Option            ; Setting             ;
+-------------------+---------------------+
; Start date & time ; 05/08/2017 12:24:21 ;
; Main task         ; Compilation         ;
; Revision Name     ; FPGA_TOP_MIV        ;
+-------------------+---------------------+


+-------------------------------------------------------------------------------------------------+
; Flow Non-Default Global Settings                                                                ;
+-----------------------+------------------------------+---------------+-------------+------------+
; Assignment Name       ; Value                        ; Default Value ; Entity Name ; Section Id ;
+-----------------------+------------------------------+---------------+-------------+------------+
; COMPILER_SIGNATURE_ID ; 144275705082.149425706103015 ; --            ; --          ; --         ;
+-----------------------+------------------------------+---------------+-------------+------------+


+-------------------------------------------------------------------------------------------------------------------------------+
; Flow Elapsed Time                                                                                                             ;
+---------------------------+--------------+-------------------------+---------------------+------------------------------------+
; Module Name               ; Elapsed Time ; Average Processors Used ; Peak Virtual Memory ; Total CPU Time (on all processors) ;
+---------------------------+--------------+-------------------------+---------------------+------------------------------------+
; Analysis & Synthesis      ; 00:00:02     ; 1.0                     ; 335 MB              ; 00:00:02                           ;
; Fitter                    ; 00:00:16     ; 1.0                     ; 533 MB              ; 00:00:16                           ;
; Assembler                 ; 00:00:04     ; 1.0                     ; 338 MB              ; 00:00:04                           ;
; TimeQuest Timing Analyzer ; 00:00:04     ; 1.0                     ; 366 MB              ; 00:00:03                           ;
; Total                     ; 00:00:26     ; --                      ; --                  ; 00:00:25                           ;
+---------------------------+--------------+-------------------------+---------------------+------------------------------------+


+-----------------------------------------------------------------------------------------------+
; Flow OS Summary                                                                               ;
+---------------------------+------------------+------------------+------------+----------------+
; Module Name               ; Machine Hostname ; OS Name          ; OS Version ; Processor type ;
+---------------------------+------------------+------------------+------------+----------------+
; Analysis & Synthesis      ; lasem-932        ; Debian GNU/Linux ; 8          ; x86_64         ;
; Fitter                    ; lasem-932        ; Debian GNU/Linux ; 8          ; x86_64         ;
; Assembler                 ; lasem-932        ; Debian GNU/Linux ; 8          ; x86_64         ;
; TimeQuest Timing Analyzer ; lasem-932        ; Debian GNU/Linux ; 8          ; x86_64         ;
+---------------------------+------------------+------------------+------------+----------------+


------------
; Flow Log ;
------------
quartus_map --read_settings_files=on --source=../verilog/FPGA_TOP_MIV.v --source=../verilog/Lab2Lock.v --source=../verilog/LevelToPulse.v FPGA_TOP_MIV
quartus_fit --part=EP4CE30F23C7 --read_settings_files=on FPGA_TOP_MIV
quartus_asm FPGA_TOP_MIV
quartus_sta FPGA_TOP_MIV



